ROUTER 1

Router>enable 
Router#conf t
Enter configuration commands, one per line.  End with CNTL/Z.
Router(config)#int fa0/1
Router(config-if)#ip address 10.15.1.1 255.255.255.0
Router(config-if)#no shutdown

Router(config-if)#
%LINK-5-CHANGED: Interface FastEthernet0/1, changed state to up

%LINEPROTO-5-UPDOWN: Line protocol on Interface FastEthernet0/1, changed state to up
 
Router(config-if)#exit
Router(config)#int fa0/0
Router(config-if)#ip address 192.168.10.1 255.255.255.252
Router(config-if)#no shut
Router(config-if)#no shutdown 

Router(config-if)#
%LINK-5-CHANGED: Interface FastEthernet0/0, changed state to up

Router(config-if)#exit
Router(config)#int fa1/0
Router(config-if)#ip add
Router(config-if)#ip address 192.168.1.1 255.255.255.0
Router(config-if)#no shutdown

Router(config-if)#
%LINK-5-CHANGED: Interface FastEthernet1/0, changed state to up

%LINEPROTO-5-UPDOWN: Line protocol on Interface FastEthernet1/0, changed state to up
%IP-4-DUPADDR: Duplicate address 192.168.1.1 on FastEthernet1/0, sourced by 0050.0F99.6C48

Router(config-if)#ip address 192.168.1.1 255.255.255.0
Router(config-if)#no shutdown
Router(config-if)#exit

Router(config)#router rip
Router(config-router)#network 192.168.10.0
Router(config-router)#network 192.168.1.0
Rounetwork 192.168.1.0network 10.15.1.0
Router(config-router)#eiexit
Router(config)#
Router(config)#exit
Router#
%SYS-5-CONFIG_I: Configured from console by console

Router#show ip route
Codes: C - connected, S - static, I - IGRP, R - RIP, M - mobile, B - BGP
       D - EIGRP, EX - EIGRP external, O - OSPF, IA - OSPF inter area
       N1 - OSPF NSSA external type 1, N2 - OSPF NSSA external type 2
       E1 - OSPF external type 1, E2 - OSPF external type 2, E - EGP
       i - IS-IS, L1 - IS-IS level-1, L2 - IS-IS level-2, ia - IS-IS inter area
       * - candidate default, U - per-user static route, o - ODR
       P - periodic downloaded static route

Gateway of last resort is not set

     10.0.0.0/24 is subnetted, 1 subnets
C       10.15.1.0 is directly connected, FastEthernet0/1
C    192.168.1.0/24 is directly connected, FastEthernet1/0
R    192.168.2.0/24 [120/1] via 192.168.10.2, 00:00:01, FastEthernet0/0
R    192.168.3.0/24 [120/1] via 10.15.1.2, 00:00:12, FastEthernet0/1
     192.168.10.0/30 is subnetted, 2 subnets
C       192.168.10.0 is directly connected, FastEthernet0/0
R       192.168.10.4 [120/1] via 192.168.10.2, 00:00:01, FastEthernet0/0

Router#show ip interface bried
                             ^
% Invalid input detected at '^' marker.
	
Router#show ip interface brief
Interface              IP-Address      OK? Method Status                Protocol 
FastEthernet0/0        192.168.10.1    YES manual up                    up 
FastEthernet0/1        10.15.1.1       YES manual up                    up 
FastEthernet1/0        192.168.1.1     YES manual up                    up 
Vlan1                  unassigned      YES unset  administratively down down
Router#write mem
Building configuration...
[OK]

ROUTER 2

Router>enable
Router#conf t
Enter configuration commands, one per line.  End with CNTL/Z.
Router(config)#int fa0/0
Router(config-if)#ip address 192.168.10.2 255.255.255.252
Router(config-if)#no shutdown

Router(config-if)#
%LINK-5-CHANGED: Interface FastEthernet0/0, changed state to up

%LINEPROTO-5-UPDOWN: Line protocol on Interface FastEthernet0/0, changed state to up

Router(config-if)#exit
Router(config)#int fa0/1
Router(config-if)#ip address 192.168.10.6 255.255.255.252
Router(config-if)#no shutdown

Router(config-if)#
%LINK-5-CHANGED: Interface FastEthernet0/1, changed state to up

Router(config-if)#exit
Router(config)#int fa1/0
Router(config-if)#ip address 192.168.2.1 255.255.255.0
Router(config-if)#no shutdown

Router(config-if)#
%LINK-5-CHANGED: Interface FastEthernet1/0, changed state to up

%LINEPROTO-5-UPDOWN: Line protocol on Interface FastEthernet1/0, changed state to up

Router(config-if)#exit
Router(config)#exit
Router#

Router#configure terminal
Enter configuration commands, one per line.  End with CNTL/Z.
Router(config)#router rip
Router(config-router)#network 192.168.10.0
Router(config-router)#network 192.168.2.0
Router(config-router)#network 192.168.10.4
Router(config-router)#
Router(config-router)#end
Router#configure terminal
Enter configuration commands, one per line.  End with CNTL/Z.
Router(config)#router rip
Router(config-router)#
%SYS-5-CONFIG_I: Configured from console by console

Router(config-router)#end
Router#configure terminal
Enter configuration commands, one per line.  End with CNTL/Z.
Router(config)#router rip
Router(config-router)#
%SYS-5-CONFIG_I: Configured from console by console

Router(config-router)#exit
Router(config)#exit
Router#
%SYS-5-CONFIG_I: Configured from console by console

Router#show ip route
Codes: C - connected, S - static, I - IGRP, R - RIP, M - mobile, B - BGP
       D - EIGRP, EX - EIGRP external, O - OSPF, IA - OSPF inter area
       N1 - OSPF NSSA external type 1, N2 - OSPF NSSA external type 2
       E1 - OSPF external type 1, E2 - OSPF external type 2, E - EGP
       i - IS-IS, L1 - IS-IS level-1, L2 - IS-IS level-2, ia - IS-IS inter area
       * - candidate default, U - per-user static route, o - ODR
       P - periodic downloaded static route

Gateway of last resort is not set

R    10.0.0.0/8 [120/1] via 192.168.10.1, 00:00:12, FastEthernet0/0
                [120/1] via 192.168.10.5, 00:00:18, FastEthernet0/1
R    192.168.1.0/24 [120/1] via 192.168.10.1, 00:00:12, FastEthernet0/0
C    192.168.2.0/24 is directly connected, FastEthernet1/0
R    192.168.3.0/24 [120/1] via 192.168.10.5, 00:00:18, FastEthernet0/1
     192.168.10.0/30 is subnetted, 2 subnets
C       192.168.10.0 is directly connected, FastEthernet0/0
C       192.168.10.4 is directly connected, FastEthernet0/1

Router#show ip interface brief
Interface              IP-Address      OK? Method Status                Protocol 
FastEthernet0/0        192.168.10.2    YES manual up                    up 
FastEthernet0/1        192.168.10.6    YES manual up                    up 
FastEthernet1/0        192.168.2.1     YES manual up                    up 
Vlan1                  unassigned      YES unset  administratively down down
Router#write mem
Building configuration...
[OK]


ROUTER 3

Router>ENABLE
Router#conf t
Enter configuration commands, one per line.  End with CNTL/Z.
Router(config)#int fa0/0
Router(config-if)#ip address 10.15.1.2 255.255.255.0
Router(config-if)#no shutdown

Router(config-if)#
%LINK-5-CHANGED: Interface FastEthernet0/0, changed state to up

%LINEPROTO-5-UPDOWN: Line protocol on Interface FastEthernet0/0, changed state to up

Router(config-if)#exit
Router(config)#int fa 0/1
Router(config-if)#ip address 192.168.10.5 255.255.255.252
Router(config-if)#no shutdown

Router(config-if)#
%LINK-5-CHANGED: Interface FastEthernet0/1, changed state to up

%LINEPROTO-5-UPDOWN: Line protocol on Interface FastEthernet0/1, changed state to up

Router(config-if)#exit
Router(config)#int fa 1/0
Router(config-if)#ip address 192.168.3.1 255.255.255.0
Router(config-if)#no shutdown

Router(config-if)#
%LINK-5-CHANGED: Interface FastEthernet1/0, changed state to up

%LINEPROTO-5-UPDOWN: Line protocol on Interface FastEthernet1/0, changed state to up

Router(config-if)#exit
Router(config)#

Router>enable
Router#
Router#configure terminal
Enter configuration commands, one per line.  End with CNTL/Z.
Router(config)#router rip
Router(config-router)#network 10.0.0.0
Router(config-router)#network 192.168.10.0
Router(config-router)#network 192.168.3.0
Router(config-router)#
Router(config-router)#end
Router#configure terminal
Enter configuration commands, one per line.  End with CNTL/Z.
Router(config)#router rip
Router(config-router)#
%SYS-5-CONFIG_I: Configured from console by console

Router(config-router)#end
Router#configure terminal
Enter configuration commands, one per line.  End with CNTL/Z.
Router(config)#router rip
Router(config-router)#
%SYS-5-CONFIG_I: Configured from console by console
coc
Router(config-router)#?
  auto-summary         Enter Address Family command mode
  default-information  Control distribution of default information
  distance             Define an administrative distance
  exit                 Exit from routing protocol configuration mode
  network              Enable routing on an IP network
  no                   Negate a command or set its defaults
  passive-interface    Suppress routing updates on an interface
  redistribute         Redistribute information from another routing protocol
  timers               Adjust routing timers
  version              Set routing protocol version
Router(config-router)#show ip route
                      ^
% Invalid input detected at '^' marker.
	
Router(config-router)#exit
Router(config)#show ip route
                ^
% Invalid input detected at '^' marker.
	
Router(config)#exit
Router#
%SYS-5-CONFIG_I: Configured from console by console

Router#show ip route
Codes: C - connected, S - static, I - IGRP, R - RIP, M - mobile, B - BGP
       D - EIGRP, EX - EIGRP external, O - OSPF, IA - OSPF inter area
       N1 - OSPF NSSA external type 1, N2 - OSPF NSSA external type 2
       E1 - OSPF external type 1, E2 - OSPF external type 2, E - EGP
       i - IS-IS, L1 - IS-IS level-1, L2 - IS-IS level-2, ia - IS-IS inter area
       * - candidate default, U - per-user static route, o - ODR
       P - periodic downloaded static route

Gateway of last resort is not set

     10.0.0.0/24 is subnetted, 1 subnets
C       10.15.1.0 is directly connected, FastEthernet0/0
R    192.168.1.0/24 [120/1] via 10.15.1.1, 00:00:11, FastEthernet0/0
R    192.168.2.0/24 [120/1] via 192.168.10.6, 00:00:13, FastEthernet0/1
C    192.168.3.0/24 is directly connected, FastEthernet1/0
     192.168.10.0/30 is subnetted, 2 subnets
R       192.168.10.0 [120/1] via 192.168.10.6, 00:00:13, FastEthernet0/1
C       192.168.10.4 is directly connected, FastEthernet0/1

Router#
Router#show ip interface brief
Interface              IP-Address      OK? Method Status                Protocol 
FastEthernet0/0        10.15.1.2       YES manual up                    up 
FastEthernet0/1        192.168.10.5    YES manual up                    up 
FastEthernet1/0        192.168.3.1     YES manual up                    up 
Vlan1                  unassigned      YES unset  administratively down down
Router#write mem
Building configuration...
[OK]